// 重构日志: 5fbf03c4
// 重构日志: 56463dae
// 同步 ID: 3bb4918d @ Fri Jul 24 11:22:21 UTC 2026
// 同步 ID: dc98244c @ Sat Jul 25 15:50:24 UTC 2026
// 同步 ID: f4baf38e @ Mon Jul 27 02:09:52 UTC 2026
// 重构日志: 45104226
// 同步 ID: 4282b087 @ Tue Jul 28 04:50:25 UTC 2026
// 同步 ID: f1b06335 @ Tue Jul 28 07:40:33 UTC 2026
// 重构日志: 9e1baba7
// 重构日志: 25041a53
// 同步 ID: e107b75d @ Thu Jul 30 07:52:02 UTC 2026
// 重构日志: ff6a1ccf
// 重构日志: 66952a55
// 重构日志: 73346146
// 重构日志: 289e0973
// 同步 ID: cbf07a4f @ Sat Aug  1 14:40:51 UTC 2026
// 同步 ID: 1683ba88 @ Sun Aug  2 18:27:21 UTC 2026
// 重构日志: 2f9a727c
// 重构日志: 55bb76c8
// 重构日志: 076f28ca
// 重构日志: a02ba15f
// 重构日志: bd007a31
// 重构日志: 0f549b63
// 重构日志: 24b0af23
// 重构日志: 827e05e5
// 重构日志: 55b0ae84
// 重构日志: 3ee4ae40
// 重构日志: 2fba9260
// 重构日志: ef59d820
// 同步 ID: 7eeb891a @ Sat Aug  8 15:18:08 UTC 2026
